  Scene_Zelda.cpp
C:\Users\yonat\source\repos\Definitely Not Zelda\Scene_Zelda.cpp(87,64): warning C4244: 'argument': conversion from 'float' to 'int', possible loss of data
C:\Users\yonat\source\repos\Definitely Not Zelda\Scene_Zelda.cpp(87,59): warning C4244: 'argument': conversion from 'float' to 'int', possible loss of data
C:\Users\yonat\source\repos\Definitely Not Zelda\Scene_Zelda.cpp(87,53): warning C4244: 'argument': conversion from 'float' to 'int', possible loss of data
C:\Users\yonat\source\repos\Definitely Not Zelda\Scene_Zelda.cpp(87,47): warning C4244: 'argument': conversion from 'float' to 'int', possible loss of data
C:\Users\yonat\source\repos\Definitely Not Zelda\Scene_Zelda.cpp(116,63): warning C4244: 'argument': conversion from 'float' to 'int', possible loss of data
C:\Users\yonat\source\repos\Definitely Not Zelda\Scene_Zelda.cpp(116,60): warning C4244: 'argument': conversion from 'float' to 'int', possible loss of data
C:\Users\yonat\source\repos\Definitely Not Zelda\Scene_Zelda.cpp(116,53): warning C4244: 'argument': conversion from 'float' to 'int', possible loss of data
C:\Users\yonat\source\repos\Definitely Not Zelda\Scene_Zelda.cpp(116,32): warning C4244: 'argument': conversion from 'float' to 'int', possible loss of data
C:\Users\yonat\source\repos\Definitely Not Zelda\Scene_Zelda.cpp(139,18): warning C4244: 'initializing': conversion from 'float' to 'int', possible loss of data
C:\Users\yonat\source\repos\Definitely Not Zelda\Scene_Zelda.cpp(140,18): warning C4244: 'initializing': conversion from 'float' to 'int', possible loss of data
C:\Users\yonat\source\repos\Definitely Not Zelda\Scene_Zelda.cpp(143,13): warning C4244: 'initializing': conversion from 'float' to 'int', possible loss of data
C:\Users\yonat\source\repos\Definitely Not Zelda\Scene_Zelda.cpp(144,13): warning C4244: 'initializing': conversion from 'float' to 'int', possible loss of data
C:\Users\yonat\source\repos\Definitely Not Zelda\Scene_Zelda.cpp(160,48): warning C4244: 'argument': conversion from 'float' to 'int', possible loss of data
C:\Users\yonat\source\repos\Definitely Not Zelda\Scene_Zelda.cpp(160,30): warning C4244: 'argument': conversion from 'float' to 'int', possible loss of data
C:\Users\yonat\source\repos\Definitely Not Zelda\Scene_Zelda.cpp(159,85): warning C4244: 'argument': conversion from 'float' to 'int', possible loss of data
C:\Users\yonat\source\repos\Definitely Not Zelda\Scene_Zelda.cpp(159,63): warning C4244: 'argument': conversion from 'float' to 'int', possible loss of data
C:\Users\yonat\source\repos\Definitely Not Zelda\Scene_Zelda.cpp(867,84): warning C4244: 'argument': conversion from 'size_t' to 'T', possible loss of data
C:\Users\yonat\source\repos\Definitely Not Zelda\Scene_Zelda.cpp(867,84): warning C4244:         with
C:\Users\yonat\source\repos\Definitely Not Zelda\Scene_Zelda.cpp(867,84): warning C4244:         [
C:\Users\yonat\source\repos\Definitely Not Zelda\Scene_Zelda.cpp(867,84): warning C4244:             T=float
C:\Users\yonat\source\repos\Definitely Not Zelda\Scene_Zelda.cpp(867,84): warning C4244:         ]
C:\Users\yonat\source\repos\Definitely Not Zelda\Scene_Zelda.cpp(867,74): warning C4244: 'argument': conversion from 'size_t' to 'T', possible loss of data
C:\Users\yonat\source\repos\Definitely Not Zelda\Scene_Zelda.cpp(867,74): warning C4244:         with
C:\Users\yonat\source\repos\Definitely Not Zelda\Scene_Zelda.cpp(867,74): warning C4244:         [
C:\Users\yonat\source\repos\Definitely Not Zelda\Scene_Zelda.cpp(867,74): warning C4244:             T=float
C:\Users\yonat\source\repos\Definitely Not Zelda\Scene_Zelda.cpp(867,74): warning C4244:         ]
C:\Users\yonat\source\repos\Definitely Not Zelda\Scene_Zelda.cpp(883,30): warning C4244: 'initializing': conversion from 'float' to 'int', possible loss of data
C:\Users\yonat\source\repos\Definitely Not Zelda\Scene_Zelda.cpp(885,30): warning C4244: 'initializing': conversion from 'float' to 'int', possible loss of data
C:\Users\yonat\source\repos\Definitely Not Zelda\Scene_Zelda.cpp(907,33): warning C4244: 'argument': conversion from 'float' to 'int', possible loss of data
C:\Users\yonat\source\repos\Definitely Not Zelda\Scene_Zelda.cpp(907,16): warning C4244: 'argument': conversion from 'float' to 'int', possible loss of data
C:\Users\yonat\source\repos\Definitely Not Zelda\Scene_Zelda.cpp(906,81): warning C4244: 'argument': conversion from 'float' to 'int', possible loss of data
C:\Users\yonat\source\repos\Definitely Not Zelda\Scene_Zelda.cpp(906,60): warning C4244: 'argument': conversion from 'float' to 'int', possible loss of data
C:\Users\yonat\source\repos\Definitely Not Zelda\Scene_Zelda.cpp(1109,69): warning C4244: 'argument': conversion from 'int' to 'T', possible loss of data
C:\Users\yonat\source\repos\Definitely Not Zelda\Scene_Zelda.cpp(1109,69): warning C4244:         with
C:\Users\yonat\source\repos\Definitely Not Zelda\Scene_Zelda.cpp(1109,69): warning C4244:         [
C:\Users\yonat\source\repos\Definitely Not Zelda\Scene_Zelda.cpp(1109,69): warning C4244:             T=float
C:\Users\yonat\source\repos\Definitely Not Zelda\Scene_Zelda.cpp(1109,69): warning C4244:         ]
C:\Users\yonat\source\repos\Definitely Not Zelda\Entity.h(51,36): warning C4244: 'argument': conversion from 'float' to 'int', possible loss of data
  (compiling source file 'Scene_Zelda.cpp')
  C:\Users\yonat\source\repos\Definitely Not Zelda\Entity.h(51,36):
  the template instantiation context (the oldest one first) is
  	C:\Users\yonat\source\repos\Definitely Not Zelda\Scene_Zelda.cpp(162,10):
  	see reference to function template instantiation 'T &Entity::addComponent<CHealth,float&,float&>(float &,float &)' being compiled
          with
          [
              T=CHealth
          ]
  
C:\Users\yonat\source\repos\Definitely Not Zelda\Entity.h(51,36): warning C4244: 'argument': conversion from '_Ty' to 'float', possible loss of data
C:\Users\yonat\source\repos\Definitely Not Zelda\Entity.h(51,36): warning C4244:         with
C:\Users\yonat\source\repos\Definitely Not Zelda\Entity.h(51,36): warning C4244:         [
C:\Users\yonat\source\repos\Definitely Not Zelda\Entity.h(51,36): warning C4244:             _Ty=int
C:\Users\yonat\source\repos\Definitely Not Zelda\Entity.h(51,36): warning C4244:         ]
  (compiling source file 'Scene_Zelda.cpp')
  C:\Users\yonat\source\repos\Definitely Not Zelda\Entity.h(51,36):
  the template instantiation context (the oldest one first) is
  	C:\Users\yonat\source\repos\Definitely Not Zelda\Scene_Zelda.cpp(185,7):
  	see reference to function template instantiation 'T &Entity::addComponent<CTransform,Vec2&,Vec2,Vec2&,int>(Vec2 &,Vec2 &&,Vec2 &,int &&)' being compiled
          with
          [
              T=CTransform
          ]
  
  Generating code
  2 of 1497 functions ( 0.1%) were compiled, the rest were copied from previous compilation.
    0 functions were new in current compilation
    0 functions had inline decision re-evaluated but remain unchanged
  Finished generating code
  Definitely Not Zelda.vcxproj -> C:\Users\yonat\source\repos\Definitely Not Zelda\x64\Release\Definitely Not Zelda.exe
